// Jest Snapshot v1, https://goo.gl/fbAQLP

exports[`Calculator renders calculator correctly 1`] = `
<div
  className="calculator__wrapper"
>
  <div
    className="calculator__container"
  >
    <div
      className="calculator__output"
    >
      <span>
        0
      </span>
    </div>
    <button
      onClick={[Function]}
      type="submit"
    >
      AC
    </button>
    <button
      onClick={[Function]}
      type="submit"
    >
      +/-
    </button>
    <button
      onClick={[Function]}
      type="submit"
    >
      %
    </button>
    <button
      className="calculator__operand"
      onClick={[Function]}
      type="submit"
    >
      รท
    </button>
    <button
      onClick={[Function]}
      type="submit"
    >
      7
    </button>
    <button
      onClick={[Function]}
      type="submit"
    >
      8
    </button>
    <button
      onClick={[Function]}
      type="submit"
    >
      9
    </button>
    <button
      className="calculator__operand"
      onClick={[Function]}
      type="submit"
    >
      x
    </button>
    <button
      onClick={[Function]}
      type="submit"
    >
      4
    </button>
    <button
      onClick={[Function]}
      type="submit"
    >
      5
    </button>
    <button
      onClick={[Function]}
      type="submit"
    >
      6
    </button>
    <button
      className="calculator__operand"
      onClick={[Function]}
      type="submit"
    >
      -
    </button>
    <button
      onClick={[Function]}
      type="submit"
    >
      1
    </button>
    <button
      onClick={[Function]}
      type="submit"
    >
      2
    </button>
    <button
      onClick={[Function]}
      type="submit"
    >
      3
    </button>
    <button
      className="calculator__operand"
      onClick={[Function]}
      type="submit"
    >
      +
    </button>
    <button
      className="span__two"
      onClick={[Function]}
      type="submit"
    >
      0
    </button>
    <button
      onClick={[Function]}
      type="submit"
    >
      .
    </button>
    <button
      className="calculator__operand"
      onClick={[Function]}
      type="submit"
    >
      =
    </button>
  </div>
  <div>
    <img
      alt="math icon"
      className="calculator__image"
      src="math.jpeg"
    />
  </div>
</div>
`;
