// Jest Snapshot v1, https://goo.gl/fbAQLP

exports[`should render correctly 1`] = `
<div
  className="quote__container"
>
  <p>
    \`It is not knowledge, but the act of learning, not possession but the act of getting there, which grants the greatest enjoyment.\` ~ Carl Friedrich Gauss
  </p>
</div>
`;
